INFO: [VRFC 10-2263] Analyzing Verilog file "C:/Users/kioko/FPGA_Accelerator/FPGA_Accelerator.ip_user_files/bd/design_1/ip/design_1_complex_signal_gener_0_1/sim/design_1_complex_signal_gener_0_1.v" into library xil_defaultlib
INFO: [VRFC 10-311] analyzing module design_1_complex_signal_gener_0_1
INFO: [VRFC 10-2263] Analyzing Verilog file "C:/Users/kioko/FPGA_Accelerator/FPGA_Accelerator.ip_user_files/bd/design_1/ip/design_1_sim_clk_gen_0_2/sim/design_1_sim_clk_gen_0_2.v" into library xil_defaultlib
INFO: [VRFC 10-311] analyzing module design_1_sim_clk_gen_0_2
INFO: [VRFC 10-2263] Analyzing Verilog file "C:/Users/kioko/FPGA_Accelerator/FPGA_Accelerator.ip_user_files/bd/design_1/sim/design_1.v" into library xil_defaultlib
INFO: [VRFC 10-311] analyzing module design_1
INFO: [VRFC 10-2263] Analyzing Verilog file "C:/Users/kioko/FPGA_Accelerator/FPGA_Accelerator.gen/sources_1/bd/design_1/hdl/design_1_wrapper.v" into library xil_defaultlib
INFO: [VRFC 10-311] analyzing module design_1_wrapper
INFO: [VRFC 10-2263] Analyzing Verilog file "C:/Users/kioko/FPGA_Accelerator/FPGA_Accelerator.sim/sim_1/behav/xsim/glbl.v" into library xil_defaultlib
INFO: [VRFC 10-311] analyzing module glbl
INFO: [VRFC 10-163] Analyzing VHDL file "C:/Users/kioko/FPGA_Accelerator/FPGA_Accelerator.srcs/sources_1/new/complex_signal_generator.vhd" into library xil_defaultlib
INFO: [VRFC 10-3107] analyzing entity 'complex_signal_generator'
INFO: [VRFC 10-163] Analyzing VHDL file "C:/Users/kioko/FPGA_Accelerator/FPGA_Accelerator.ip_user_files/bd/design_1/ip/design_1_xfft_0_0/sim/design_1_xfft_0_0.vhd" into library xil_defaultlib
INFO: [VRFC 10-3107] analyzing entity 'design_1_xfft_0_0'
INFO: [VRFC 10-163] Analyzing VHDL file "C:/Users/kioko/FPGA_Accelerator/FPGA_Accelerator.ip_user_files/bd/design_1/ip/design_1_mult_gen_0_0/sim/design_1_mult_gen_0_0.vhd" into library xil_defaultlib
INFO: [VRFC 10-3107] analyzing entity 'design_1_mult_gen_0_0'
INFO: [VRFC 10-163] Analyzing VHDL file "C:/Users/kioko/FPGA_Accelerator/FPGA_Accelerator.ip_user_files/bd/design_1/ip/design_1_mult_gen_0_1/sim/design_1_mult_gen_0_1.vhd" into library xil_defaultlib
INFO: [VRFC 10-3107] analyzing entity 'design_1_mult_gen_0_1'
INFO: [VRFC 10-163] Analyzing VHDL file "C:/Users/kioko/FPGA_Accelerator/FPGA_Accelerator.ip_user_files/bd/design_1/ip/design_1_c_addsub_0_0/sim/design_1_c_addsub_0_0.vhd" into library xil_defaultlib
INFO: [VRFC 10-3107] analyzing entity 'design_1_c_addsub_0_0'
