Vivado Simulator v2025.1.0
Copyright 1986-2022 Xilinx, Inc. All Rights Reserved.
Copyright 2022-2025 Advanced Micro Devices, Inc. All Rights Reserved.
Running: C:/Xilinx/2025.1/Vivado/bin/unwrapped/win64.o/xelab.exe --incr --debug typical --relax --mt 2 -L xil_defaultlib -L xbip_utils_v3_0_14 -L axi_utils_v2_0_10 -L c_reg_fd_v12_0_10 -L xbip_dsp48_wrapper_v3_0_7 -L xbip_pipe_v3_0_10 -L c_addsub_v12_0_20 -L c_shift_ram_v12_0_19 -L mult_gen_v12_0_23 -L floating_point_v7_1_20 -L cmpy_v6_0_26 -L xfft_v9_1_14 -L sim_clk_gen_v1_0_6 -L unisims_ver -L unimacro_ver -L secureip -L xpm --snapshot design_1_wrapper_behav xil_defaultlib.design_1_wrapper xil_defaultlib.glbl -log elaborate.log 
Using 2 slave threads.
Starting static elaboration
Pass Through NonSizing Optimizer
WARNING: [VRFC 10-5021] port 's_axis_config_tready' is not connected on this instance [C:/Users/kioko/FPGA_Accelerator/FPGA_Accelerator.ip_user_files/bd/design_1/sim/design_1.v:71]
Completed static elaboration
Starting simulation data flow analysis
Completed simulation data flow analysis
Time Resolution for simulation is 1ps
Compiling package std.standard
Compiling package std.textio
Compiling package ieee.std_logic_1164
Compiling package ieee.numeric_std
Compiling package c_addsub_v12_0_20.c_addsub_v12_0_20_viv_comp
Compiling package xbip_utils_v3_0_14.xbip_utils_v3_0_14_pkg
Compiling package xbip_pipe_v3_0_10.xbip_pipe_v3_0_10_viv_comp
Compiling package c_addsub_v12_0_20.c_addsub_v12_0_20_pkg
Compiling package c_addsub_v12_0_20.c_addsub_v12_0_20_pkg_legacy
Compiling package c_reg_fd_v12_0_10.c_reg_fd_v12_0_10_viv_comp
Compiling package unisim.vcomponents
Compiling package ieee.math_real
Compiling package mult_gen_v12_0_23.mult_gen_v12_0_23_viv_comp
Compiling package mult_gen_v12_0_23.mult_gen_v12_0_23_pkg
Compiling package ieee.std_logic_arith
Compiling package ieee.std_logic_signed
Compiling package ieee.std_logic_unsigned
Compiling package ieee.vital_timing
Compiling package ieee.vital_primitives
Compiling package unisim.vpkg
Compiling package xfft_v9_1_14.xfft_v9_1_14_viv_comp
Compiling package axi_utils_v2_0_10.axi_utils_v2_0_10_pkg
Compiling package cmpy_v6_0_26.cmpy_v6_0_26_pkg
Compiling package floating_point_v7_1_20.floating_point_v7_1_20_consts
Compiling package floating_point_v7_1_20.floating_point_v7_1_20_exp_table...
Compiling package floating_point_v7_1_20.floating_point_v7_1_20_pkg
Compiling package xfft_v9_1_14.pkg
Compiling package xfft_v9_1_14.xfft_v9_1_14_axi_pkg
Compiling package axi_utils_v2_0_10.global_util_pkg
Compiling package axi_utils_v2_0_10.axi_utils_comps
Compiling package c_shift_ram_v12_0_19.c_shift_ram_v12_0_19_pkg
Compiling package xpm.vcomponents
Compiling package ieee.std_logic_textio
Compiling package xfft_v9_1_14.quarter_sin_tw_table
Compiling package mult_gen_v12_0_23.dsp_pkg
Compiling package xfft_v9_1_14.half_sincos_tw_table
Compiling package xfft_v9_1_14.quarter2_sin_tw_table
Compiling architecture structural of entity c_reg_fd_v12_0_10.c_reg_fd_v12_0_10_viv [\c_reg_fd_v12_0_10_viv(c_width=3...]
Compiling architecture muxcy_v of entity unisim.MUXCY [muxcy_default]
Compiling architecture xorcy_v of entity unisim.XORCY [xorcy_default]
Compiling architecture rtl of entity c_addsub_v12_0_20.c_addsub_v12_0_20_lut6_legacy [\c_addsub_v12_0_20_lut6_legacy(c...]
Compiling architecture synth of entity c_addsub_v12_0_20.c_addsub_v12_0_20_fabric_legacy [\c_addsub_v12_0_20_fabric_legacy...]
Compiling architecture synth of entity c_addsub_v12_0_20.c_addsub_v12_0_20_legacy [\c_addsub_v12_0_20_legacy(c_fami...]
Compiling architecture synth of entity c_addsub_v12_0_20.c_addsub_v12_0_20_viv [\c_addsub_v12_0_20_viv(c_xdevice...]
Compiling architecture xilinx of entity c_addsub_v12_0_20.c_addsub_v12_0_20 [\c_addsub_v12_0_20(c_xdevicefami...]
Compiling architecture design_1_c_addsub_0_0_arch of entity xil_defaultlib.design_1_c_addsub_0_0 [design_1_c_addsub_0_0_default]
Compiling architecture behavioral of entity xil_defaultlib.complex_signal_generator [complex_signal_generator_default]
Compiling module xil_defaultlib.design_1_complex_signal_gener_0_...
Compiling architecture lut2_v of entity unisim.LUT2 [\LUT2(init="1000")(0,3)\]
Compiling architecture mult_and_v of entity unisim.MULT_AND [mult_and_default]
Compiling architecture xilinx of entity mult_gen_v12_0_23.op_resize [\op_resize(ao_width=19,bo_width=...]
Compiling architecture xilinx of entity mult_gen_v12_0_23.luts [\luts(c_xdevicefamily="spartan7"...]
Compiling architecture xilinx of entity mult_gen_v12_0_23.mult_gen_v12_0_23_viv [\mult_gen_v12_0_23_viv(c_verbosi...]
Compiling architecture xilinx of entity mult_gen_v12_0_23.mult_gen_v12_0_23 [\mult_gen_v12_0_23(c_xdevicefami...]
Compiling architecture design_1_mult_gen_0_0_arch of entity xil_defaultlib.design_1_mult_gen_0_0 [design_1_mult_gen_0_0_default]
Compiling architecture design_1_mult_gen_0_1_arch of entity xil_defaultlib.design_1_mult_gen_0_1 [design_1_mult_gen_0_1_default]
Compiling module sim_clk_gen_v1_0_6.sim_clk_gen(CLOCK_PERIOD=10,RESE...
Compiling module xil_defaultlib.design_1_sim_clk_gen_0_2
Compiling architecture xilinx of entity xfft_v9_1_14.equ_rtl [\equ_rtl(c_xdevicefamily="sparta...]
Compiling architecture xilinx of entity xfft_v9_1_14.r22_cnt_ctrl [\r22_cnt_ctrl(c_xdevicefamily="s...]
Compiling architecture xilinx of entity xfft_v9_1_14.r22_cnt_ctrl [\r22_cnt_ctrl(c_xdevicefamily="s...]
Compiling architecture xilinx of entity xfft_v9_1_14.shift_ram [\shift_ram(c_xdevicefamily="spar...]
Compiling architecture struct of entity c_shift_ram_v12_0_19.c_shift_ram_v12_0_19_legacy [\c_shift_ram_v12_0_19_legacy(c_x...]
Compiling architecture synth of entity c_shift_ram_v12_0_19.c_shift_ram_v12_0_19_viv [\c_shift_ram_v12_0_19_viv(c_xdev...]
Compiling architecture xilinx of entity xfft_v9_1_14.shift_ram [\shift_ram(c_xdevicefamily="spar...]
Compiling architecture fd_v of entity unisim.FD [fd_default]
Compiling architecture struct of entity c_shift_ram_v12_0_19.c_shift_ram_v12_0_19_legacy [\c_shift_ram_v12_0_19_legacy(c_x...]
Compiling architecture synth of entity c_shift_ram_v12_0_19.c_shift_ram_v12_0_19_viv [\c_shift_ram_v12_0_19_viv(c_xdev...]
Compiling architecture xilinx of entity xfft_v9_1_14.shift_ram [\shift_ram(c_xdevicefamily="spar...]
Compiling architecture struct of entity c_shift_ram_v12_0_19.c_shift_ram_v12_0_19_legacy [\c_shift_ram_v12_0_19_legacy(c_x...]
Compiling architecture synth of entity c_shift_ram_v12_0_19.c_shift_ram_v12_0_19_viv [\c_shift_ram_v12_0_19_viv(c_xdev...]
Compiling architecture xilinx of entity xfft_v9_1_14.shift_ram [\shift_ram(c_xdevicefamily="spar...]
Compiling architecture fde_v of entity unisim.FDE [fde_default]
Compiling architecture xilinx of entity xfft_v9_1_14.shift_ram [\shift_ram(c_xdevicefamily="spar...]
Compiling architecture xilinx of entity xfft_v9_1_14.shift_ram [\shift_ram(c_xdevicefamily="spar...]
Compiling architecture xilinx of entity xfft_v9_1_14.shift_ram [\shift_ram(c_xdevicefamily="spar...]
Compiling architecture xilinx of entity xfft_v9_1_14.shift_ram [\shift_ram(c_xdevicefamily="spar...]
Compiling architecture xilinx of entity xfft_v9_1_14.shift_ram [\shift_ram(c_xdevicefamily="spar...]
Compiling architecture xilinx of entity xfft_v9_1_14.shift_ram [\shift_ram(c_xdevicefamily="spar...]
Compiling architecture lut3_v of entity unisim.LUT3 [\LUT3(init="11001010")(0,7)\]
Compiling architecture xilinx of entity xfft_v9_1_14.mux_bus2 [\mux_bus2(c_xdevicefamily="spart...]
Compiling architecture xilinx of entity xfft_v9_1_14.r22_delay_mux [\r22_delay_mux(c_xdevicefamily="...]
Compiling architecture xilinx of entity xfft_v9_1_14.r22_delay_mux [\r22_delay_mux(c_xdevicefamily="...]
Compiling architecture xilinx of entity xfft_v9_1_14.shift_ram [\shift_ram(c_xdevicefamily="spar...]
Compiling architecture xilinx of entity xfft_v9_1_14.shift_ram [\shift_ram(c_xdevicefamily="spar...]
Compiling architecture rb18_internal_vhdl_v of entity unisim.RB18_INTERNAL_VHDL [\RB18_INTERNAL_VHDL(bram_size=18...]
Compiling architecture ramb18e1_v of entity unisim.RAMB18E1 [\RAMB18E1(dob_reg=1,read_width_b...]
Compiling architecture ramb18_v of entity unisim.RAMB18 [\RAMB18(dob_reg=1,read_width_b=1...]
Compiling architecture xilinx of entity xfft_v9_1_14.dpm [\dpm(c_xdevicefamily="spartan7",...]
Compiling architecture xilinx of entity xfft_v9_1_14.r22_memory [\r22_memory(c_xdevicefamily="spa...]
Compiling architecture structural of entity c_reg_fd_v12_0_10.c_reg_fd_v12_0_10_viv [\c_reg_fd_v12_0_10_viv(c_width=1...]
Compiling architecture rtl of entity c_addsub_v12_0_20.c_addsub_v12_0_20_lut6_legacy [\c_addsub_v12_0_20_lut6_legacy(c...]
Compiling architecture synth of entity c_addsub_v12_0_20.c_addsub_v12_0_20_fabric_legacy [\c_addsub_v12_0_20_fabric_legacy...]
Compiling architecture synth of entity c_addsub_v12_0_20.c_addsub_v12_0_20_legacy [\c_addsub_v12_0_20_legacy(c_fami...]
Compiling architecture synth of entity c_addsub_v12_0_20.c_addsub_v12_0_20_viv [\c_addsub_v12_0_20_viv(c_xdevice...]
Compiling architecture xilinx of entity xfft_v9_1_14.adder_bypass [\adder_bypass(c_xdevicefamily="s...]
Compiling architecture structural of entity c_reg_fd_v12_0_10.c_reg_fd_v12_0_10_viv [\c_reg_fd_v12_0_10_viv(c_width=1...]
Compiling architecture rtl of entity c_addsub_v12_0_20.c_addsub_v12_0_20_lut6_legacy [\c_addsub_v12_0_20_lut6_legacy(c...]
Compiling architecture synth of entity c_addsub_v12_0_20.c_addsub_v12_0_20_fabric_legacy [\c_addsub_v12_0_20_fabric_legacy...]
Compiling architecture synth of entity c_addsub_v12_0_20.c_addsub_v12_0_20_legacy [\c_addsub_v12_0_20_legacy(c_fami...]
Compiling architecture synth of entity c_addsub_v12_0_20.c_addsub_v12_0_20_viv [\c_addsub_v12_0_20_viv(c_xdevice...]
Compiling architecture xilinx of entity xfft_v9_1_14.sub_byp [\sub_byp(c_xdevicefamily="sparta...]
Compiling architecture xilinx of entity xfft_v9_1_14.r22_bfly_byp [\r22_bfly_byp(c_xdevicefamily="s...]
Compiling architecture xilinx of entity xfft_v9_1_14.r22_bf [\r22_bf(c_xdevicefamily="spartan...]
Compiling architecture xilinx of entity xfft_v9_1_14.shift_ram [\shift_ram(c_xdevicefamily="spar...]
Compiling architecture synth of entity xfft_v9_1_14.r22_twos_comp_mux [\r22_twos_comp_mux(c_xdevicefami...]
Compiling architecture synth of entity xfft_v9_1_14.r22_twos_comp_mux [\r22_twos_comp_mux(c_xdevicefami...]
Compiling architecture xilinx of entity xfft_v9_1_14.shift_ram [\shift_ram(c_xdevicefamily="spar...]
Compiling architecture xilinx of entity xfft_v9_1_14.shift_ram [\shift_ram(c_xdevicefamily="spar...]
Compiling architecture xilinx of entity xfft_v9_1_14.shift_ram [\shift_ram(c_xdevicefamily="spar...]
Compiling architecture xilinx of entity xfft_v9_1_14.mux_bus2 [\mux_bus2(c_xdevicefamily="spart...]
Compiling architecture xilinx of entity xfft_v9_1_14.r22_delay_mux [\r22_delay_mux(c_xdevicefamily="...]
Compiling architecture xilinx of entity xfft_v9_1_14.r22_delay_mux [\r22_delay_mux(c_xdevicefamily="...]
Compiling architecture xilinx of entity xfft_v9_1_14.shift_ram [\shift_ram(c_xdevicefamily="spar...]
Compiling architecture xilinx of entity xfft_v9_1_14.shift_ram [\shift_ram(c_xdevicefamily="spar...]
Compiling architecture rb18_internal_vhdl_v of entity unisim.RB18_INTERNAL_VHDL [\RB18_INTERNAL_VHDL(bram_size=18...]
Compiling architecture ramb18e1_v of entity unisim.RAMB18E1 [\RAMB18E1(doa_reg=1,dob_reg=1,ra...]
Compiling architecture xilinx of entity xfft_v9_1_14.dpm [\dpm(c_xdevicefamily="spartan7",...]
Compiling architecture xilinx of entity xfft_v9_1_14.r22_memory [\r22_memory(c_xdevicefamily="spa...]
Compiling architecture structural of entity c_reg_fd_v12_0_10.c_reg_fd_v12_0_10_viv [\c_reg_fd_v12_0_10_viv(c_width=1...]
Compiling architecture rtl of entity c_addsub_v12_0_20.c_addsub_v12_0_20_lut6_legacy [\c_addsub_v12_0_20_lut6_legacy(c...]
Compiling architecture synth of entity c_addsub_v12_0_20.c_addsub_v12_0_20_fabric_legacy [\c_addsub_v12_0_20_fabric_legacy...]
Compiling architecture synth of entity c_addsub_v12_0_20.c_addsub_v12_0_20_legacy [\c_addsub_v12_0_20_legacy(c_fami...]
Compiling architecture synth of entity c_addsub_v12_0_20.c_addsub_v12_0_20_viv [\c_addsub_v12_0_20_viv(c_xdevice...]
Compiling architecture xilinx of entity xfft_v9_1_14.adder_bypass [\adder_bypass(c_xdevicefamily="s...]
Compiling architecture structural of entity c_reg_fd_v12_0_10.c_reg_fd_v12_0_10_viv [\c_reg_fd_v12_0_10_viv(c_width=1...]
Compiling architecture rtl of entity c_addsub_v12_0_20.c_addsub_v12_0_20_lut6_legacy [\c_addsub_v12_0_20_lut6_legacy(c...]
Compiling architecture synth of entity c_addsub_v12_0_20.c_addsub_v12_0_20_fabric_legacy [\c_addsub_v12_0_20_fabric_legacy...]
Compiling architecture synth of entity c_addsub_v12_0_20.c_addsub_v12_0_20_legacy [\c_addsub_v12_0_20_legacy(c_fami...]
Compiling architecture synth of entity c_addsub_v12_0_20.c_addsub_v12_0_20_viv [\c_addsub_v12_0_20_viv(c_xdevice...]
Compiling architecture xilinx of entity xfft_v9_1_14.sub_byp [\sub_byp(c_xdevicefamily="sparta...]
Compiling architecture xilinx of entity xfft_v9_1_14.r22_bfly_byp [\r22_bfly_byp(c_xdevicefamily="s...]
Compiling architecture xilinx of entity xfft_v9_1_14.r22_bf [\r22_bf(c_xdevicefamily="spartan...]
Compiling architecture xilinx of entity xfft_v9_1_14.shift_ram [\shift_ram(c_xdevicefamily="spar...]
Compiling architecture struct of entity c_shift_ram_v12_0_19.c_shift_ram_v12_0_19_legacy [\c_shift_ram_v12_0_19_legacy(c_x...]
Compiling architecture synth of entity c_shift_ram_v12_0_19.c_shift_ram_v12_0_19_viv [\c_shift_ram_v12_0_19_viv(c_xdev...]
Compiling architecture xilinx of entity xfft_v9_1_14.shift_ram [\shift_ram(c_xdevicefamily="spar...]
Compiling architecture structural of entity c_reg_fd_v12_0_10.c_reg_fd_v12_0_10_viv [\c_reg_fd_v12_0_10_viv(c_width=1...]
Compiling architecture rtl of entity c_addsub_v12_0_20.c_addsub_v12_0_20_lut6_legacy [\c_addsub_v12_0_20_lut6_legacy(c...]
Compiling architecture synth of entity c_addsub_v12_0_20.c_addsub_v12_0_20_fabric_legacy [\c_addsub_v12_0_20_fabric_legacy...]
Compiling architecture synth of entity c_addsub_v12_0_20.c_addsub_v12_0_20_legacy [\c_addsub_v12_0_20_legacy(c_fami...]
Compiling architecture synth of entity c_addsub_v12_0_20.c_addsub_v12_0_20_viv [\c_addsub_v12_0_20_viv(c_xdevice...]
Compiling architecture xilinx of entity xfft_v9_1_14.adder [\adder(c_xdevicefamily="spartan7...]
Compiling architecture lut6_v of entity unisim.LUT6 [\LUT6(init="11111111000000001111...]
Compiling architecture xilinx of entity xfft_v9_1_14.mux_bus4 [\mux_bus4(c_xdevicefamily="spart...]
Compiling architecture xilinx of entity xfft_v9_1_14.shift_ram [\shift_ram(c_xdevicefamily="spar...]
Compiling architecture xilinx of entity xfft_v9_1_14.twos_comp [\twos_comp(c_data_width=9,c_has_...]
Compiling architecture lut6_v of entity unisim.LUT6 [\LUT6(init="10000000000000000000...]
Compiling architecture xilinx of entity xfft_v9_1_14.logic_gate [\logic_gate(c_xdevicefamily="spa...]
Compiling architecture xilinx of entity xfft_v9_1_14.twgen_quarter_sin [\twgen_quarter_sin(c_xdevicefami...]
Compiling architecture xilinx of entity xfft_v9_1_14.twiddle_gen [\twiddle_gen(c_xdevicefamily="sp...]
Compiling architecture xilinx of entity xfft_v9_1_14.r22_tw_gen [\r22_tw_gen(c_xdevicefamily="spa...]
Compiling architecture xilinx of entity cmpy_v6_0_26.delay_line [\delay_line(c_xdevicefamily="spa...]
Compiling architecture xilinx of entity cmpy_v6_0_26.delay_line [\delay_line(c_xdevicefamily="spa...]
Compiling architecture xilinx of entity mult_gen_v12_0_23.delay_line [\delay_line(c_xdevicefamily="spa...]
Compiling architecture xilinx of entity mult_gen_v12_0_23.delay_line [\delay_line(c_xdevicefamily="spa...]
Compiling architecture dsp48e1_v of entity unisim.DSP48E1 [\DSP48E1(acascreg=2,alumodereg=0...]
Compiling architecture xilinx of entity mult_gen_v12_0_23.delay_line [\delay_line(c_xdevicefamily="spa...]
Compiling architecture xilinx of entity mult_gen_v12_0_23.op_resize [\op_resize(ai_width=18,bi_width=...]
Compiling architecture xilinx of entity mult_gen_v12_0_23.dsp [\dsp(c_xdevicefamily="spartan7",...]
Compiling architecture xilinx of entity cmpy_v6_0_26.cmpy_3_dsp48_mult [\cmpy_3_dsp48_mult(c_xdevicefami...]
Compiling architecture xilinx of entity mult_gen_v12_0_23.delay_line [\delay_line(c_xdevicefamily="spa...]
Compiling architecture xilinx of entity mult_gen_v12_0_23.delay_line [\delay_line(c_xdevicefamily="spa...]
Compiling architecture dsp48e1_v of entity unisim.DSP48E1 [\DSP48E1(alumodereg=0,bcascreg=2...]
Compiling architecture xilinx of entity mult_gen_v12_0_23.op_resize [\op_resize(ai_width=19,bi_width=...]
Compiling architecture xilinx of entity mult_gen_v12_0_23.dsp [\dsp(c_xdevicefamily="spartan7",...]
Compiling architecture xilinx of entity cmpy_v6_0_26.cmpy_3_dsp48_mult [\cmpy_3_dsp48_mult(c_xdevicefami...]
Compiling architecture xilinx of entity mult_gen_v12_0_23.dsp [\dsp(c_xdevicefamily="spartan7",...]
Compiling architecture xilinx of entity cmpy_v6_0_26.cmpy_3_dsp48_mult [\cmpy_3_dsp48_mult(c_xdevicefami...]
Compiling architecture xilinx of entity cmpy_v6_0_26.input_negation [\input_negation(c_xdevicefamily=...]
Compiling architecture xilinx of entity cmpy_v6_0_26.delay_line [\delay_line(c_xdevicefamily="spa...]
Compiling architecture xilinx of entity cmpy_v6_0_26.delay_line [\delay_line(c_xdevicefamily="spa...]
Compiling architecture xilinx of entity cmpy_v6_0_26.cmpy_3_dsp48 [\cmpy_3_dsp48(c_xdevicefamily="s...]
Compiling architecture xilinx of entity cmpy_v6_0_26.cmpy_v6_0_26_synth [\cmpy_v6_0_26_synth(c_xdevicefam...]
Compiling architecture xilinx of entity xfft_v9_1_14.cmpy [\cmpy(c_xdevicefamily="spartan7"...]
Compiling architecture xilinx of entity xfft_v9_1_14.mux_bus4 [\mux_bus4(c_xdevicefamily="spart...]
Compiling architecture xilinx of entity xfft_v9_1_14.arith_shift3 [\arith_shift3(c_xdevicefamily="s...]
Compiling architecture xilinx of entity xfft_v9_1_14.shift_ram [\shift_ram(c_xdevicefamily="spar...]
Compiling architecture xilinx of entity xfft_v9_1_14.shift_ram [\shift_ram(c_xdevicefamily="spar...]
Compiling architecture xilinx of entity xfft_v9_1_14.r22_pe [\r22_pe(c_xdevicefamily="spartan...]
Compiling architecture synth of entity xfft_v9_1_14.srl_fifo [\srl_fifo(c_width=1)\]
Compiling architecture xilinx of entity xfft_v9_1_14.r22_cnt_ctrl [\r22_cnt_ctrl(c_xdevicefamily="s...]
Compiling architecture xilinx of entity xfft_v9_1_14.r22_cnt_ctrl [\r22_cnt_ctrl(c_xdevicefamily="s...]
Compiling architecture xilinx of entity xfft_v9_1_14.shift_ram [\shift_ram(c_xdevicefamily="spar...]
Compiling architecture xilinx of entity xfft_v9_1_14.shift_ram [\shift_ram(c_xdevicefamily="spar...]
Compiling architecture xilinx of entity xfft_v9_1_14.r22_delay_mux [\r22_delay_mux(c_xdevicefamily="...]
Compiling architecture xilinx of entity xfft_v9_1_14.r22_delay_mux [\r22_delay_mux(c_xdevicefamily="...]
Compiling architecture xilinx of entity xfft_v9_1_14.shift_ram [\shift_ram(c_xdevicefamily="spar...]
Compiling architecture xilinx of entity xfft_v9_1_14.shift_ram [\shift_ram(c_xdevicefamily="spar...]
Compiling architecture xilinx of entity xfft_v9_1_14.dpm [\dpm(c_xdevicefamily="spartan7",...]
Compiling architecture xilinx of entity xfft_v9_1_14.r22_memory [\r22_memory(c_xdevicefamily="spa...]
Compiling architecture xilinx of entity xfft_v9_1_14.r22_bf [\r22_bf(c_xdevicefamily="spartan...]
Compiling architecture xilinx of entity xfft_v9_1_14.r22_delay_mux [\r22_delay_mux(c_xdevicefamily="...]
Compiling architecture xilinx of entity xfft_v9_1_14.r22_delay_mux [\r22_delay_mux(c_xdevicefamily="...]
Compiling architecture xilinx of entity xfft_v9_1_14.shift_ram [\shift_ram(c_xdevicefamily="spar...]
Compiling architecture xilinx of entity xfft_v9_1_14.shift_ram [\shift_ram(c_xdevicefamily="spar...]
Compiling architecture xilinx of entity xfft_v9_1_14.dpm [\dpm(c_xdevicefamily="spartan7",...]
Compiling architecture xilinx of entity xfft_v9_1_14.r22_memory [\r22_memory(c_xdevicefamily="spa...]
Compiling architecture xilinx of entity xfft_v9_1_14.r22_bf [\r22_bf(c_xdevicefamily="spartan...]
Compiling architecture xilinx of entity xfft_v9_1_14.shift_ram [\shift_ram(c_xdevicefamily="spar...]
Compiling architecture structural of entity c_reg_fd_v12_0_10.c_reg_fd_v12_0_10_viv [\c_reg_fd_v12_0_10_viv(c_width=9...]
Compiling architecture rtl of entity c_addsub_v12_0_20.c_addsub_v12_0_20_lut6_legacy [\c_addsub_v12_0_20_lut6_legacy(c...]
Compiling architecture synth of entity c_addsub_v12_0_20.c_addsub_v12_0_20_fabric_legacy [\c_addsub_v12_0_20_fabric_legacy...]
Compiling architecture synth of entity c_addsub_v12_0_20.c_addsub_v12_0_20_legacy [\c_addsub_v12_0_20_legacy(c_fami...]
Compiling architecture synth of entity c_addsub_v12_0_20.c_addsub_v12_0_20_viv [\c_addsub_v12_0_20_viv(c_xdevice...]
Compiling architecture xilinx of entity xfft_v9_1_14.adder [\adder(c_xdevicefamily="spartan7...]
Compiling architecture xilinx of entity xfft_v9_1_14.mux_bus4 [\mux_bus4(c_xdevicefamily="spart...]
Compiling architecture vcc_v of entity unisim.VCC [vcc_default]
Compiling architecture xilinx of entity xfft_v9_1_14.twgen_half_sincos [\twgen_half_sincos(c_xdevicefami...]
Compiling architecture xilinx of entity xfft_v9_1_14.twiddle_gen [\twiddle_gen(c_xdevicefamily="sp...]
Compiling architecture xilinx of entity xfft_v9_1_14.r22_tw_gen [\r22_tw_gen(c_xdevicefamily="spa...]
Compiling architecture xilinx of entity xfft_v9_1_14.shift_ram [\shift_ram(c_xdevicefamily="spar...]
Compiling architecture xilinx of entity xfft_v9_1_14.shift_ram [\shift_ram(c_xdevicefamily="spar...]
Compiling architecture xilinx of entity xfft_v9_1_14.r22_pe [\r22_pe(c_xdevicefamily="spartan...]
Compiling architecture xilinx of entity xfft_v9_1_14.r22_cnt_ctrl [\r22_cnt_ctrl(c_xdevicefamily="s...]
Compiling architecture xilinx of entity xfft_v9_1_14.r22_cnt_ctrl [\r22_cnt_ctrl(c_xdevicefamily="s...]
Compiling architecture xilinx of entity xfft_v9_1_14.shift_ram [\shift_ram(c_xdevicefamily="spar...]
Compiling architecture xilinx of entity xfft_v9_1_14.shift_ram [\shift_ram(c_xdevicefamily="spar...]
Compiling architecture xilinx of entity xfft_v9_1_14.r22_delay_mux [\r22_delay_mux(c_xdevicefamily="...]
Compiling architecture xilinx of entity xfft_v9_1_14.r22_delay_mux [\r22_delay_mux(c_xdevicefamily="...]
Compiling architecture xilinx of entity xfft_v9_1_14.shift_ram [\shift_ram(c_xdevicefamily="spar...]
Compiling architecture xilinx of entity xfft_v9_1_14.shift_ram [\shift_ram(c_xdevicefamily="spar...]
Compiling architecture struct of entity c_shift_ram_v12_0_19.c_shift_ram_v12_0_19_legacy [\c_shift_ram_v12_0_19_legacy(c_x...]
Compiling architecture synth of entity c_shift_ram_v12_0_19.c_shift_ram_v12_0_19_viv [\c_shift_ram_v12_0_19_viv(c_xdev...]
Compiling architecture synth of entity xfft_v9_1_14.r22_srl_memory [\r22_srl_memory(c_xdevicefamily=...]
Compiling architecture xilinx of entity xfft_v9_1_14.r22_memory [\r22_memory(c_xdevicefamily="spa...]
Compiling architecture xilinx of entity xfft_v9_1_14.r22_bf [\r22_bf(c_xdevicefamily="spartan...]
Compiling architecture xilinx of entity xfft_v9_1_14.r22_delay_mux [\r22_delay_mux(c_xdevicefamily="...]
Compiling architecture xilinx of entity xfft_v9_1_14.r22_delay_mux [\r22_delay_mux(c_xdevicefamily="...]
Compiling architecture xilinx of entity xfft_v9_1_14.shift_ram [\shift_ram(c_xdevicefamily="spar...]
Compiling architecture xilinx of entity xfft_v9_1_14.shift_ram [\shift_ram(c_xdevicefamily="spar...]
Compiling architecture struct of entity c_shift_ram_v12_0_19.c_shift_ram_v12_0_19_legacy [\c_shift_ram_v12_0_19_legacy(c_x...]
Compiling architecture synth of entity c_shift_ram_v12_0_19.c_shift_ram_v12_0_19_viv [\c_shift_ram_v12_0_19_viv(c_xdev...]
Compiling architecture synth of entity xfft_v9_1_14.r22_srl_memory [\r22_srl_memory(c_xdevicefamily=...]
Compiling architecture xilinx of entity xfft_v9_1_14.r22_memory [\r22_memory(c_xdevicefamily="spa...]
Compiling architecture xilinx of entity xfft_v9_1_14.r22_bf [\r22_bf(c_xdevicefamily="spartan...]
Compiling architecture structural of entity c_reg_fd_v12_0_10.c_reg_fd_v12_0_10_viv [\c_reg_fd_v12_0_10_viv(c_width=7...]
Compiling architecture rtl of entity c_addsub_v12_0_20.c_addsub_v12_0_20_lut6_legacy [\c_addsub_v12_0_20_lut6_legacy(c...]
Compiling architecture synth of entity c_addsub_v12_0_20.c_addsub_v12_0_20_fabric_legacy [\c_addsub_v12_0_20_fabric_legacy...]
Compiling architecture synth of entity c_addsub_v12_0_20.c_addsub_v12_0_20_legacy [\c_addsub_v12_0_20_legacy(c_fami...]
Compiling architecture synth of entity c_addsub_v12_0_20.c_addsub_v12_0_20_viv [\c_addsub_v12_0_20_viv(c_xdevice...]
Compiling architecture xilinx of entity xfft_v9_1_14.adder [\adder(c_xdevicefamily="spartan7...]
Compiling architecture xilinx of entity xfft_v9_1_14.mux_bus4 [\mux_bus4(c_xdevicefamily="spart...]
Compiling architecture xilinx of entity xfft_v9_1_14.shift_ram [\shift_ram(c_xdevicefamily="spar...]
Compiling architecture xilinx of entity xfft_v9_1_14.twgen_distmem [\twgen_distmem(theta_width=6,pip...]
Compiling architecture xilinx of entity xfft_v9_1_14.twiddle_gen [\twiddle_gen(c_xdevicefamily="sp...]
Compiling architecture xilinx of entity xfft_v9_1_14.r22_tw_gen [\r22_tw_gen(c_xdevicefamily="spa...]
Compiling architecture xilinx of entity xfft_v9_1_14.shift_ram [\shift_ram(c_xdevicefamily="spar...]
Compiling architecture xilinx of entity xfft_v9_1_14.shift_ram [\shift_ram(c_xdevicefamily="spar...]
Compiling architecture xilinx of entity xfft_v9_1_14.r22_pe [\r22_pe(c_xdevicefamily="spartan...]
Compiling architecture xilinx of entity xfft_v9_1_14.r22_cnt_ctrl [\r22_cnt_ctrl(c_xdevicefamily="s...]
Compiling architecture xilinx of entity xfft_v9_1_14.r22_cnt_ctrl [\r22_cnt_ctrl(c_xdevicefamily="s...]
Compiling architecture struct of entity c_shift_ram_v12_0_19.c_shift_ram_v12_0_19_legacy [\c_shift_ram_v12_0_19_legacy(c_x...]
Compiling architecture synth of entity c_shift_ram_v12_0_19.c_shift_ram_v12_0_19_viv [\c_shift_ram_v12_0_19_viv(c_xdev...]
Compiling architecture xilinx of entity xfft_v9_1_14.shift_ram [\shift_ram(c_xdevicefamily="spar...]
Compiling architecture struct of entity c_shift_ram_v12_0_19.c_shift_ram_v12_0_19_legacy [\c_shift_ram_v12_0_19_legacy(c_x...]
Compiling architecture synth of entity c_shift_ram_v12_0_19.c_shift_ram_v12_0_19_viv [\c_shift_ram_v12_0_19_viv(c_xdev...]
Compiling architecture xilinx of entity xfft_v9_1_14.shift_ram [\shift_ram(c_xdevicefamily="spar...]
Compiling architecture struct of entity c_shift_ram_v12_0_19.c_shift_ram_v12_0_19_legacy [\c_shift_ram_v12_0_19_legacy(c_x...]
Compiling architecture synth of entity c_shift_ram_v12_0_19.c_shift_ram_v12_0_19_viv [\c_shift_ram_v12_0_19_viv(c_xdev...]
Compiling architecture xilinx of entity xfft_v9_1_14.shift_ram [\shift_ram(c_xdevicefamily="spar...]
Compiling architecture struct of entity c_shift_ram_v12_0_19.c_shift_ram_v12_0_19_legacy [\c_shift_ram_v12_0_19_legacy(c_x...]
Compiling architecture synth of entity c_shift_ram_v12_0_19.c_shift_ram_v12_0_19_viv [\c_shift_ram_v12_0_19_viv(c_xdev...]
Compiling architecture xilinx of entity xfft_v9_1_14.shift_ram [\shift_ram(c_xdevicefamily="spar...]
Compiling architecture struct of entity c_shift_ram_v12_0_19.c_shift_ram_v12_0_19_legacy [\c_shift_ram_v12_0_19_legacy(c_x...]
Compiling architecture synth of entity c_shift_ram_v12_0_19.c_shift_ram_v12_0_19_viv [\c_shift_ram_v12_0_19_viv(c_xdev...]
Compiling architecture xilinx of entity xfft_v9_1_14.shift_ram [\shift_ram(c_xdevicefamily="spar...]
Compiling architecture struct of entity c_shift_ram_v12_0_19.c_shift_ram_v12_0_19_legacy [\c_shift_ram_v12_0_19_legacy(c_x...]
Compiling architecture synth of entity c_shift_ram_v12_0_19.c_shift_ram_v12_0_19_viv [\c_shift_ram_v12_0_19_viv(c_xdev...]
Compiling architecture xilinx of entity xfft_v9_1_14.shift_ram [\shift_ram(c_xdevicefamily="spar...]
Compiling architecture struct of entity c_shift_ram_v12_0_19.c_shift_ram_v12_0_19_legacy [\c_shift_ram_v12_0_19_legacy(c_x...]
Compiling architecture synth of entity c_shift_ram_v12_0_19.c_shift_ram_v12_0_19_viv [\c_shift_ram_v12_0_19_viv(c_xdev...]
Compiling architecture xilinx of entity xfft_v9_1_14.shift_ram [\shift_ram(c_xdevicefamily="spar...]
Compiling architecture structural of entity c_reg_fd_v12_0_10.c_reg_fd_v12_0_10_viv [\c_reg_fd_v12_0_10_viv(c_width=1...]
Compiling architecture rtl of entity c_addsub_v12_0_20.c_addsub_v12_0_20_lut6_legacy [\c_addsub_v12_0_20_lut6_legacy(c...]
Compiling architecture synth of entity c_addsub_v12_0_20.c_addsub_v12_0_20_fabric_legacy [\c_addsub_v12_0_20_fabric_legacy...]
Compiling architecture synth of entity c_addsub_v12_0_20.c_addsub_v12_0_20_legacy [\c_addsub_v12_0_20_legacy(c_fami...]
Compiling architecture synth of entity c_addsub_v12_0_20.c_addsub_v12_0_20_viv [\c_addsub_v12_0_20_viv(c_xdevice...]
Compiling architecture xilinx of entity xfft_v9_1_14.adder [\adder(c_xdevicefamily="spartan7...]
Compiling architecture xilinx of entity xfft_v9_1_14.shift_ram [\shift_ram(c_xdevicefamily="spar...]
Compiling architecture xilinx of entity xfft_v9_1_14.mux_bus2 [\mux_bus2(c_xdevicefamily="spart...]
Compiling architecture xilinx of entity xfft_v9_1_14.shift_ram [\shift_ram(c_xdevicefamily="spar...]
Compiling architecture xilinx of entity xfft_v9_1_14.r22_bf_sp [\r22_bf_sp(c_xdevicefamily="spar...]
Compiling architecture rtl of entity c_addsub_v12_0_20.c_addsub_v12_0_20_lut6_legacy [\c_addsub_v12_0_20_lut6_legacy(c...]
Compiling architecture synth of entity c_addsub_v12_0_20.c_addsub_v12_0_20_fabric_legacy [\c_addsub_v12_0_20_fabric_legacy...]
Compiling architecture synth of entity c_addsub_v12_0_20.c_addsub_v12_0_20_legacy [\c_addsub_v12_0_20_legacy(c_fami...]
Compiling architecture synth of entity c_addsub_v12_0_20.c_addsub_v12_0_20_viv [\c_addsub_v12_0_20_viv(c_xdevice...]
Compiling architecture xilinx of entity xfft_v9_1_14.adder [\adder(c_xdevicefamily="spartan7...]
Compiling architecture struct of entity c_shift_ram_v12_0_19.c_shift_ram_v12_0_19_legacy [\c_shift_ram_v12_0_19_legacy(c_x...]
Compiling architecture synth of entity c_shift_ram_v12_0_19.c_shift_ram_v12_0_19_viv [\c_shift_ram_v12_0_19_viv(c_xdev...]
Compiling architecture xilinx of entity xfft_v9_1_14.shift_ram [\shift_ram(c_xdevicefamily="spar...]
Compiling architecture xilinx of entity xfft_v9_1_14.shift_ram [\shift_ram(c_xdevicefamily="spar...]
Compiling architecture xilinx of entity xfft_v9_1_14.r22_bf_sp [\r22_bf_sp(c_xdevicefamily="spar...]
Compiling architecture struct of entity c_shift_ram_v12_0_19.c_shift_ram_v12_0_19_legacy [\c_shift_ram_v12_0_19_legacy(c_x...]
Compiling architecture synth of entity c_shift_ram_v12_0_19.c_shift_ram_v12_0_19_viv [\c_shift_ram_v12_0_19_viv(c_xdev...]
Compiling architecture xilinx of entity xfft_v9_1_14.shift_ram [\shift_ram(c_xdevicefamily="spar...]
Compiling architecture struct of entity c_shift_ram_v12_0_19.c_shift_ram_v12_0_19_legacy [\c_shift_ram_v12_0_19_legacy(c_x...]
Compiling architecture synth of entity c_shift_ram_v12_0_19.c_shift_ram_v12_0_19_viv [\c_shift_ram_v12_0_19_viv(c_xdev...]
Compiling architecture xilinx of entity xfft_v9_1_14.shift_ram [\shift_ram(c_xdevicefamily="spar...]
Compiling architecture structural of entity c_reg_fd_v12_0_10.c_reg_fd_v12_0_10_viv [\c_reg_fd_v12_0_10_viv(c_width=5...]
Compiling architecture rtl of entity c_addsub_v12_0_20.c_addsub_v12_0_20_lut6_legacy [\c_addsub_v12_0_20_lut6_legacy(c...]
Compiling architecture synth of entity c_addsub_v12_0_20.c_addsub_v12_0_20_fabric_legacy [\c_addsub_v12_0_20_fabric_legacy...]
Compiling architecture synth of entity c_addsub_v12_0_20.c_addsub_v12_0_20_legacy [\c_addsub_v12_0_20_legacy(c_fami...]
Compiling architecture synth of entity c_addsub_v12_0_20.c_addsub_v12_0_20_viv [\c_addsub_v12_0_20_viv(c_xdevice...]
Compiling architecture xilinx of entity xfft_v9_1_14.adder [\adder(c_xdevicefamily="spartan7...]
Compiling architecture xilinx of entity xfft_v9_1_14.mux_bus4 [\mux_bus4(c_xdevicefamily="spart...]
Compiling architecture xilinx of entity xfft_v9_1_14.twgen_distmem [\twgen_distmem(theta_width=4,pip...]
Compiling architecture xilinx of entity xfft_v9_1_14.twiddle_gen [\twiddle_gen(c_xdevicefamily="sp...]
Compiling architecture xilinx of entity xfft_v9_1_14.r22_tw_gen [\r22_tw_gen(c_xdevicefamily="spa...]
Compiling architecture struct of entity c_shift_ram_v12_0_19.c_shift_ram_v12_0_19_legacy [\c_shift_ram_v12_0_19_legacy(c_x...]
Compiling architecture synth of entity c_shift_ram_v12_0_19.c_shift_ram_v12_0_19_viv [\c_shift_ram_v12_0_19_viv(c_xdev...]
Compiling architecture xilinx of entity xfft_v9_1_14.shift_ram [\shift_ram(c_xdevicefamily="spar...]
Compiling architecture xilinx of entity xfft_v9_1_14.shift_ram [\shift_ram(c_xdevicefamily="spar...]
Compiling architecture xilinx of entity xfft_v9_1_14.r22_pe [\r22_pe(c_xdevicefamily="spartan...]
Compiling architecture xilinx of entity xfft_v9_1_14.r22_cnt_ctrl [\r22_cnt_ctrl(c_xdevicefamily="s...]
Compiling architecture xilinx of entity xfft_v9_1_14.r22_cnt_ctrl [\r22_cnt_ctrl(c_xdevicefamily="s...]
Compiling architecture struct of entity c_shift_ram_v12_0_19.c_shift_ram_v12_0_19_legacy [\c_shift_ram_v12_0_19_legacy(c_x...]
Compiling architecture synth of entity c_shift_ram_v12_0_19.c_shift_ram_v12_0_19_viv [\c_shift_ram_v12_0_19_viv(c_xdev...]
Compiling architecture xilinx of entity xfft_v9_1_14.shift_ram [\shift_ram(c_xdevicefamily="spar...]
Compiling architecture struct of entity c_shift_ram_v12_0_19.c_shift_ram_v12_0_19_legacy [\c_shift_ram_v12_0_19_legacy(c_x...]
Compiling architecture synth of entity c_shift_ram_v12_0_19.c_shift_ram_v12_0_19_viv [\c_shift_ram_v12_0_19_viv(c_xdev...]
Compiling architecture xilinx of entity xfft_v9_1_14.shift_ram [\shift_ram(c_xdevicefamily="spar...]
Compiling architecture struct of entity c_shift_ram_v12_0_19.c_shift_ram_v12_0_19_legacy [\c_shift_ram_v12_0_19_legacy(c_x...]
Compiling architecture synth of entity c_shift_ram_v12_0_19.c_shift_ram_v12_0_19_viv [\c_shift_ram_v12_0_19_viv(c_xdev...]
Compiling architecture xilinx of entity xfft_v9_1_14.shift_ram [\shift_ram(c_xdevicefamily="spar...]
Compiling architecture struct of entity c_shift_ram_v12_0_19.c_shift_ram_v12_0_19_legacy [\c_shift_ram_v12_0_19_legacy(c_x...]
Compiling architecture synth of entity c_shift_ram_v12_0_19.c_shift_ram_v12_0_19_viv [\c_shift_ram_v12_0_19_viv(c_xdev...]
Compiling architecture xilinx of entity xfft_v9_1_14.shift_ram [\shift_ram(c_xdevicefamily="spar...]
Compiling architecture struct of entity c_shift_ram_v12_0_19.c_shift_ram_v12_0_19_legacy [\c_shift_ram_v12_0_19_legacy(c_x...]
Compiling architecture synth of entity c_shift_ram_v12_0_19.c_shift_ram_v12_0_19_viv [\c_shift_ram_v12_0_19_viv(c_xdev...]
Compiling architecture xilinx of entity xfft_v9_1_14.shift_ram [\shift_ram(c_xdevicefamily="spar...]
Compiling architecture struct of entity c_shift_ram_v12_0_19.c_shift_ram_v12_0_19_legacy [\c_shift_ram_v12_0_19_legacy(c_x...]
Compiling architecture synth of entity c_shift_ram_v12_0_19.c_shift_ram_v12_0_19_viv [\c_shift_ram_v12_0_19_viv(c_xdev...]
Compiling architecture xilinx of entity xfft_v9_1_14.shift_ram [\shift_ram(c_xdevicefamily="spar...]
Compiling architecture struct of entity c_shift_ram_v12_0_19.c_shift_ram_v12_0_19_legacy [\c_shift_ram_v12_0_19_legacy(c_x...]
Compiling architecture synth of entity c_shift_ram_v12_0_19.c_shift_ram_v12_0_19_viv [\c_shift_ram_v12_0_19_viv(c_xdev...]
Compiling architecture xilinx of entity xfft_v9_1_14.shift_ram [\shift_ram(c_xdevicefamily="spar...]
Compiling architecture xilinx of entity xfft_v9_1_14.shift_ram [\shift_ram(c_xdevicefamily="spar...]
Compiling architecture xilinx of entity xfft_v9_1_14.r22_bf_sp [\r22_bf_sp(c_xdevicefamily="spar...]
Compiling architecture xilinx of entity xfft_v9_1_14.shift_ram [\shift_ram(c_xdevicefamily="spar...]
Compiling architecture xilinx of entity xfft_v9_1_14.r22_bf_sp [\r22_bf_sp(c_xdevicefamily="spar...]
Compiling architecture xilinx of entity xfft_v9_1_14.shift_ram [\shift_ram(c_xdevicefamily="spar...]
Compiling architecture struct of entity c_shift_ram_v12_0_19.c_shift_ram_v12_0_19_legacy [\c_shift_ram_v12_0_19_legacy(c_x...]
Compiling architecture synth of entity c_shift_ram_v12_0_19.c_shift_ram_v12_0_19_viv [\c_shift_ram_v12_0_19_viv(c_xdev...]
Compiling architecture xilinx of entity xfft_v9_1_14.shift_ram [\shift_ram(c_xdevicefamily="spar...]
Compiling architecture structural of entity c_reg_fd_v12_0_10.c_reg_fd_v12_0_10_viv [\c_reg_fd_v12_0_10_viv(c_width=3...]
Compiling architecture rtl of entity c_addsub_v12_0_20.c_addsub_v12_0_20_lut6_legacy [\c_addsub_v12_0_20_lut6_legacy(c...]
Compiling architecture synth of entity c_addsub_v12_0_20.c_addsub_v12_0_20_fabric_legacy [\c_addsub_v12_0_20_fabric_legacy...]
Compiling architecture synth of entity c_addsub_v12_0_20.c_addsub_v12_0_20_legacy [\c_addsub_v12_0_20_legacy(c_fami...]
Compiling architecture synth of entity c_addsub_v12_0_20.c_addsub_v12_0_20_viv [\c_addsub_v12_0_20_viv(c_xdevice...]
Compiling architecture xilinx of entity xfft_v9_1_14.adder [\adder(c_xdevicefamily="spartan7...]
Compiling architecture xilinx of entity xfft_v9_1_14.mux_bus4 [\mux_bus4(c_xdevicefamily="spart...]
Compiling architecture xilinx of entity xfft_v9_1_14.twgen_distmem [\twgen_distmem(theta_width=2,pip...]
Compiling architecture xilinx of entity xfft_v9_1_14.twiddle_gen [\twiddle_gen(c_xdevicefamily="sp...]
Compiling architecture xilinx of entity xfft_v9_1_14.r22_tw_gen [\r22_tw_gen(c_xdevicefamily="spa...]
Compiling architecture xilinx of entity xfft_v9_1_14.shift_ram [\shift_ram(c_xdevicefamily="spar...]
Compiling architecture xilinx of entity xfft_v9_1_14.shift_ram [\shift_ram(c_xdevicefamily="spar...]
Compiling architecture xilinx of entity xfft_v9_1_14.r22_pe [\r22_pe(c_xdevicefamily="spartan...]
Compiling architecture xilinx of entity xfft_v9_1_14.shift_ram [\shift_ram(c_xdevicefamily="spar...]
Compiling architecture xilinx of entity xfft_v9_1_14.shift_ram [\shift_ram(c_xdevicefamily="spar...]
Compiling architecture xilinx of entity xfft_v9_1_14.shift_ram [\shift_ram(c_xdevicefamily="spar...]
Compiling architecture xilinx of entity xfft_v9_1_14.shift_ram [\shift_ram(c_xdevicefamily="spar...]
Compiling architecture xilinx of entity xfft_v9_1_14.shift_ram [\shift_ram(c_xdevicefamily="spar...]
Compiling architecture xilinx of entity xfft_v9_1_14.shift_ram [\shift_ram(c_xdevicefamily="spar...]
Compiling architecture xilinx of entity xfft_v9_1_14.r22_bf_sp [\r22_bf_sp(c_xdevicefamily="spar...]
Compiling architecture xilinx of entity xfft_v9_1_14.arith_shift1 [\arith_shift1(c_xdevicefamily="s...]
Compiling architecture xilinx of entity xfft_v9_1_14.shift_ram [\shift_ram(c_xdevicefamily="spar...]
Compiling architecture xilinx of entity xfft_v9_1_14.shift_ram [\shift_ram(c_xdevicefamily="spar...]
Compiling architecture xilinx of entity xfft_v9_1_14.shift_ram [\shift_ram(c_xdevicefamily="spar...]
Compiling architecture xilinx of entity xfft_v9_1_14.r22_pe [\r22_pe(c_xdevicefamily="spartan...]
Compiling architecture xilinx of entity xfft_v9_1_14.shift_ram [\shift_ram(c_xdevicefamily="spar...]
Compiling architecture xilinx of entity xfft_v9_1_14.shift_ram [\shift_ram(c_xdevicefamily="spar...]
Compiling architecture xilinx of entity xfft_v9_1_14.shift_ram [\shift_ram(c_xdevicefamily="spar...]
Compiling architecture xilinx of entity xfft_v9_1_14.shift_ram [\shift_ram(c_xdevicefamily="spar...]
Compiling architecture rb18_internal_vhdl_v of entity unisim.RB18_INTERNAL_VHDL [\RB18_INTERNAL_VHDL(bram_size=18...]
Compiling architecture ramb18e1_v of entity unisim.RAMB18E1 [\RAMB18E1(dob_reg=1,read_width_b...]
Compiling architecture ramb18_v of entity unisim.RAMB18 [\RAMB18(dob_reg=1,read_width_b=9...]
Compiling architecture xilinx of entity xfft_v9_1_14.dpm [\dpm(c_xdevicefamily="spartan7",...]
Compiling architecture xilinx of entity xfft_v9_1_14.r22_memory [\r22_memory(c_xdevicefamily="spa...]
Compiling architecture xilinx of entity xfft_v9_1_14.shift_ram [\shift_ram(c_xdevicefamily="spar...]
Compiling architecture xilinx of entity xfft_v9_1_14.shift_ram [\shift_ram(c_xdevicefamily="spar...]
Compiling architecture xilinx of entity xfft_v9_1_14.shift_ram [\shift_ram(c_xdevicefamily="spar...]
Compiling architecture xilinx of entity xfft_v9_1_14.shift_ram [\shift_ram(c_xdevicefamily="spar...]
Compiling architecture xilinx of entity xfft_v9_1_14.r22_busy [\r22_busy(c_xdevicefamily="spart...]
Compiling architecture structural of entity c_reg_fd_v12_0_10.c_reg_fd_v12_0_10_viv [\c_reg_fd_v12_0_10_viv(c_width=1...]
Compiling architecture rtl of entity c_addsub_v12_0_20.c_addsub_v12_0_20_lut6_legacy [\c_addsub_v12_0_20_lut6_legacy(c...]
Compiling architecture synth of entity c_addsub_v12_0_20.c_addsub_v12_0_20_fabric_legacy [\c_addsub_v12_0_20_fabric_legacy...]
Compiling architecture synth of entity c_addsub_v12_0_20.c_addsub_v12_0_20_legacy [\c_addsub_v12_0_20_legacy(c_fami...]
Compiling architecture synth of entity c_addsub_v12_0_20.c_addsub_v12_0_20_viv [\c_addsub_v12_0_20_viv(c_xdevice...]
Compiling architecture lut6_v of entity unisim.LUT6 [\LUT6(init="10010000000010010000...]
Compiling architecture xilinx of entity xfft_v9_1_14.equ_rtl [\equ_rtl(c_xdevicefamily="sparta...]
Compiling architecture fdre_v of entity unisim.FDRE [fdre_default]
Compiling architecture xilinx of entity xfft_v9_1_14.cnt_tc_rtl_a [\cnt_tc_rtl_a(c_xdevicefamily="s...]
Compiling architecture struct of entity c_shift_ram_v12_0_19.c_shift_ram_v12_0_19_legacy [\c_shift_ram_v12_0_19_legacy(c_x...]
Compiling architecture synth of entity c_shift_ram_v12_0_19.c_shift_ram_v12_0_19_viv [\c_shift_ram_v12_0_19_viv(c_xdev...]
Compiling architecture xilinx of entity xfft_v9_1_14.shift_ram [\shift_ram(c_xdevicefamily="spar...]
Compiling architecture xilinx of entity xfft_v9_1_14.r22_flow_ctrl [\r22_flow_ctrl(c_xdevicefamily="...]
Compiling architecture lut3_v of entity unisim.LUT3 [\LUT3(init="10101110")(0,7)\]
Compiling architecture xilinx of entity xfft_v9_1_14.r22_cnt_ctrl [\r22_cnt_ctrl(c_xdevicefamily="s...]
Compiling architecture srl16e_v of entity unisim.SRL16E [\SRL16E(0,15)\]
Compiling architecture xilinx of entity xfft_v9_1_14.shift_ram [\shift_ram(c_xdevicefamily="spar...]
Compiling architecture fdr_v of entity unisim.FDR [fdr_default]
Compiling architecture xilinx of entity xfft_v9_1_14.shift_ram [\shift_ram(c_xdevicefamily="spar...]
Compiling architecture xilinx of entity xfft_v9_1_14.shift_ram [\shift_ram(c_xdevicefamily="spar...]
Compiling architecture xilinx of entity xfft_v9_1_14.xfft_v9_1_14_d [\xfft_v9_1_14_d(c_xdevicefamily=...]
Compiling architecture synth of entity xfft_v9_1_14.xfft_v9_1_14_core [\xfft_v9_1_14_core(c_xdevicefami...]
Compiling architecture xilinx of entity axi_utils_v2_0_10.glb_srl_fifo [\glb_srl_fifo(width=33,has_uvpro...]
Compiling architecture xilinx of entity axi_utils_v2_0_10.glb_ifx_slave [\glb_ifx_slave(width=33,has_uvpr...]
Compiling architecture synth of entity xfft_v9_1_14.axi_wrapper_input_fifo [\axi_wrapper_input_fifo(c_fifo_w...]
Compiling architecture xilinx of entity axi_utils_v2_0_10.glb_srl_fifo [\glb_srl_fifo(width=13,has_uvpro...]
Compiling architecture xilinx of entity axi_utils_v2_0_10.glb_ifx_slave [\glb_ifx_slave(width=13,has_uvpr...]
Compiling architecture synth of entity xfft_v9_1_14.axi_wrapper_input_fifo [\axi_wrapper_input_fifo(c_fifo_w...]
Compiling architecture xilinx of entity axi_utils_v2_0_10.glb_srl_fifo [\glb_srl_fifo(width=33,has_uvpro...]
Compiling architecture xilinx of entity axi_utils_v2_0_10.glb_ifx_master [\glb_ifx_master(width=33,afull_t...]
Compiling architecture synth of entity xfft_v9_1_14.axi_wrapper_output_fifo [\axi_wrapper_output_fifo(c_fifo_...]
Compiling architecture synth of entity xfft_v9_1_14.axi_wrapper [\axi_wrapper(c_nfft_max=11,c_arc...]
Compiling architecture synth of entity xfft_v9_1_14.xfft_v9_1_14_viv [\xfft_v9_1_14_viv(c_xdevicefamil...]
Compiling architecture xilinx of entity xfft_v9_1_14.xfft_v9_1_14 [\xfft_v9_1_14(c_xdevicefamily="s...]
Compiling architecture design_1_xfft_0_0_arch of entity xil_defaultlib.design_1_xfft_0_0 [design_1_xfft_0_0_default]
Compiling module xil_defaultlib.design_1
Compiling module xil_defaultlib.design_1_wrapper
Compiling module xil_defaultlib.glbl
Built simulation snapshot design_1_wrapper_behav
